Archive member included to satisfy reference by file (symbol)

c:/st/stm32cubeide_1.6.1/stm32cubeide/plugins/com.st.stm32cube.ide.mcu.externaltools.gnu-tools-for-stm32.9-2020-q2-update.win32_1.5.0.202011040924/tools/bin/../lib/gcc/arm-none-eabi/9.3.1/../../../../arm-none-eabi/lib/thumb/v7-m/nofp\libc_nano.a(lib_a-errno.o)
                              Core/Src/syscalls.o (__errno)
c:/st/stm32cubeide_1.6.1/stm32cubeide/plugins/com.st.stm32cube.ide.mcu.externaltools.gnu-tools-for-stm32.9-2020-q2-update.win32_1.5.0.202011040924/tools/bin/../lib/gcc/arm-none-eabi/9.3.1/../../../../arm-none-eabi/lib/thumb/v7-m/nofp\libc_nano.a(lib_a-exit.o)
                              c:/st/stm32cubeide_1.6.1/stm32cubeide/plugins/com.st.stm32cube.ide.mcu.externaltools.gnu-tools-for-stm32.9-2020-q2-update.win32_1.5.0.202011040924/tools/bin/../lib/gcc/arm-none-eabi/9.3.1/../../../../arm-none-eabi/lib/thumb/v7-m/nofp/crt0.o (exit)
c:/st/stm32cubeide_1.6.1/stm32cubeide/plugins/com.st.stm32cube.ide.mcu.externaltools.gnu-tools-for-stm32.9-2020-q2-update.win32_1.5.0.202011040924/tools/bin/../lib/gcc/arm-none-eabi/9.3.1/../../../../arm-none-eabi/lib/thumb/v7-m/nofp\libc_nano.a(lib_a-impure.o)
                              c:/st/stm32cubeide_1.6.1/stm32cubeide/plugins/com.st.stm32cube.ide.mcu.externaltools.gnu-tools-for-stm32.9-2020-q2-update.win32_1.5.0.202011040924/tools/bin/../lib/gcc/arm-none-eabi/9.3.1/../../../../arm-none-eabi/lib/thumb/v7-m/nofp\libc_nano.a(lib_a-exit.o) (_global_impure_ptr)
c:/st/stm32cubeide_1.6.1/stm32cubeide/plugins/com.st.stm32cube.ide.mcu.externaltools.gnu-tools-for-stm32.9-2020-q2-update.win32_1.5.0.202011040924/tools/bin/../lib/gcc/arm-none-eabi/9.3.1/../../../../arm-none-eabi/lib/thumb/v7-m/nofp\libc_nano.a(lib_a-init.o)
                              c:/st/stm32cubeide_1.6.1/stm32cubeide/plugins/com.st.stm32cube.ide.mcu.externaltools.gnu-tools-for-stm32.9-2020-q2-update.win32_1.5.0.202011040924/tools/bin/../lib/gcc/arm-none-eabi/9.3.1/../../../../arm-none-eabi/lib/thumb/v7-m/nofp/crt0.o (__libc_init_array)
c:/st/stm32cubeide_1.6.1/stm32cubeide/plugins/com.st.stm32cube.ide.mcu.externaltools.gnu-tools-for-stm32.9-2020-q2-update.win32_1.5.0.202011040924/tools/bin/../lib/gcc/arm-none-eabi/9.3.1/../../../../arm-none-eabi/lib/thumb/v7-m/nofp\libc_nano.a(lib_a-memset.o)
                              c:/st/stm32cubeide_1.6.1/stm32cubeide/plugins/com.st.stm32cube.ide.mcu.externaltools.gnu-tools-for-stm32.9-2020-q2-update.win32_1.5.0.202011040924/tools/bin/../lib/gcc/arm-none-eabi/9.3.1/../../../../arm-none-eabi/lib/thumb/v7-m/nofp/crt0.o (memset)

Allocating common symbols
Common symbol       size              file

uwTick              0x4               Drivers/STM32F1xx_HAL_Driver/Src/stm32f1xx_hal.o
pFlash              0x20              Drivers/STM32F1xx_HAL_Driver/Src/stm32f1xx_hal_flash.o
hdma_usart1_tx      0x44              Core/Src/main.o
hdma_usart1_rx      0x44              Core/Src/main.o
huart1              0x44              Core/Src/main.o
w25qxx              0x28              Core/Src/w25qxx.o
hspi1               0x58              Core/Src/main.o
huart2              0x44              Core/Src/main.o

Discarded input sections

 .text          0x0000000000000000        0x0 c:/st/stm32cubeide_1.6.1/stm32cubeide/plugins/com.st.stm32cube.ide.mcu.externaltools.gnu-tools-for-stm32.9-2020-q2-update.win32_1.5.0.202011040924/tools/bin/../lib/gcc/arm-none-eabi/9.3.1/thumb/v7-m/nofp/crti.o
 .data          0x0000000000000000        0x0 c:/st/stm32cubeide_1.6.1/stm32cubeide/plugins/com.st.stm32cube.ide.mcu.externaltools.gnu-tools-for-stm32.9-2020-q2-update.win32_1.5.0.202011040924/tools/bin/../lib/gcc/arm-none-eabi/9.3.1/thumb/v7-m/nofp/crti.o
 .bss           0x0000000000000000        0x0 c:/st/stm32cubeide_1.6.1/stm32cubeide/plugins/com.st.stm32cube.ide.mcu.externaltools.gnu-tools-for-stm32.9-2020-q2-update.win32_1.5.0.202011040924/tools/bin/../lib/gcc/arm-none-eabi/9.3.1/thumb/v7-m/nofp/crti.o
 .data          0x0000000000000000        0x4 c:/st/stm32cubeide_1.6.1/stm32cubeide/plugins/com.st.stm32cube.ide.mcu.externaltools.gnu-tools-for-stm32.9-2020-q2-update.win32_1.5.0.202011040924/tools/bin/../lib/gcc/arm-none-eabi/9.3.1/thumb/v7-m/nofp/crtbegin.o
 .text          0x0000000000000000       0x7c c:/st/stm32cubeide_1.6.1/stm32cubeide/plugins/com.st.stm32cube.ide.mcu.externaltools.gnu-tools-for-stm32.9-2020-q2-update.win32_1.5.0.202011040924/tools/bin/../lib/gcc/arm-none-eabi/9.3.1/../../../../arm-none-eabi/lib/thumb/v7-m/nofp/crt0.o
 .data          0x0000000000000000        0x0 c:/st/stm32cubeide_1.6.1/stm32cubeide/plugins/com.st.stm32cube.ide.mcu.externaltools.gnu-tools-for-stm32.9-2020-q2-update.win32_1.5.0.202011040924/tools/bin/../lib/gcc/arm-none-eabi/9.3.1/../../../../arm-none-eabi/lib/thumb/v7-m/nofp/crt0.o
[...]
Memory Configuration

Name             Origin             Length             Attributes
RAM              0x0000000020000000 0x0000000000005000 xrw
FLASH            0x0000000008000000 0x0000000000010000 xr
*default*        0x0000000000000000 0xffffffffffffffff

Linker script and memory map

LOAD c:/st/stm32cubeide_1.6.1/stm32cubeide/plugins/com.st.stm32cube.ide.mcu.externaltools.gnu-tools-for-stm32.9-2020-q2-update.win32_1.5.0.202011040924/tools/bin/../lib/gcc/arm-none-eabi/9.3.1/thumb/v7-m/nofp/crti.o
LOAD c:/st/stm32cubeide_1.6.1/stm32cubeide/plugins/com.st.stm32cube.ide.mcu.externaltools.gnu-tools-for-stm32.9-2020-q2-update.win32_1.5.0.202011040924/tools/bin/../lib/gcc/arm-none-eabi/9.3.1/thumb/v7-m/nofp/crtbegin.o
LOAD c:/st/stm32cubeide_1.6.1/stm32cubeide/plugins/com.st.stm32cube.ide.mcu.externaltools.gnu-tools-for-stm32.9-2020-q2-update.win32_1.5.0.202011040924/tools/bin/../lib/gcc/arm-none-eabi/9.3.1/../../../../arm-none-eabi/lib/thumb/v7-m/nofp/crt0.o
LOAD Core/Src/main.o
LOAD Core/Src/stm32f1xx_hal_msp.o
LOAD Core/Src/stm32f1xx_it.o
LOAD Core/Src/syscalls.o
LOAD Core/Src/sysmem.o
LOAD Core/Src/system_stm32f1xx.o
LOAD Core/Src/w25qxx.o
LOAD Core/Startup/startup_stm32f103c8tx.o
LOAD Drivers/STM32F1xx_HAL_Driver/Src/stm32f1xx_hal.o
LOAD Drivers/STM32F1xx_HAL_Driver/Src/stm32f1xx_hal_cortex.o
LOAD Drivers/STM32F1xx_HAL_Driver/Src/stm32f1xx_hal_dma.o
LOAD Drivers/STM32F1xx_HAL_Driver/Src/stm32f1xx_hal_exti.o
LOAD Drivers/STM32F1xx_HAL_Driver/Src/stm32f1xx_hal_flash.o
LOAD Drivers/STM32F1xx_HAL_Driver/Src/stm32f1xx_hal_flash_ex.o
LOAD Drivers/STM32F1xx_HAL_Driver/Src/stm32f1xx_hal_gpio.o
LOAD Drivers/STM32F1xx_HAL_Driver/Src/stm32f1xx_hal_gpio_ex.o
LOAD Drivers/STM32F1xx_HAL_Driver/Src/stm32f1xx_hal_pwr.o
LOAD Drivers/STM32F1xx_HAL_Driver/Src/stm32f1xx_hal_rcc.o
LOAD Drivers/STM32F1xx_HAL_Driver/Src/stm32f1xx_hal_rcc_ex.o
LOAD Drivers/STM32F1xx_HAL_Driver/Src/stm32f1xx_hal_spi.o
LOAD Drivers/STM32F1xx_HAL_Driver/Src/stm32f1xx_hal_tim.o
LOAD Drivers/STM32F1xx_HAL_Driver/Src/stm32f1xx_hal_tim_ex.o
LOAD Drivers/STM32F1xx_HAL_Driver/Src/stm32f1xx_hal_uart.o
START GROUP
LOAD c:/st/stm32cubeide_1.6.1/stm32cubeide/plugins/com.st.stm32cube.ide.mcu.externaltools.gnu-tools-for-stm32.9-2020-q2-update.win32_1.5.0.202011040924/tools/bin/../lib/gcc/arm-none-eabi/9.3.1/../../../../arm-none-eabi/lib/thumb/v7-m/nofp\libc_nano.a
LOAD c:/st/stm32cubeide_1.6.1/stm32cubeide/plugins/com.st.stm32cube.ide.mcu.externaltools.gnu-tools-for-stm32.9-2020-q2-update.win32_1.5.0.202011040924/tools/bin/../lib/gcc/arm-none-eabi/9.3.1/../../../../arm-none-eabi/lib/thumb/v7-m/nofp\libm.a
END GROUP
START GROUP
LOAD c:/st/stm32cubeide_1.6.1/stm32cubeide/plugins/com.st.stm32cube.ide.mcu.externaltools.gnu-tools-for-stm32.9-2020-q2-update.win32_1.5.0.202011040924/tools/bin/../lib/gcc/arm-none-eabi/9.3.1/thumb/v7-m/nofp\libgcc.a
LOAD c:/st/stm32cubeide_1.6.1/stm32cubeide/plugins/com.st.stm32cube.ide.mcu.externaltools.gnu-tools-for-stm32.9-2020-q2-update.win32_1.5.0.202011040924/tools/bin/../lib/gcc/arm-none-eabi/9.3.1/../../../../arm-none-eabi/lib/thumb/v7-m/nofp\libc_nano.a
END GROUP
START GROUP
LOAD c:/st/stm32cubeide_1.6.1/stm32cubeide/plugins/com.st.stm32cube.ide.mcu.externaltools.gnu-tools-for-stm32.9-2020-q2-update.win32_1.5.0.202011040924/tools/bin/../lib/gcc/arm-none-eabi/9.3.1/thumb/v7-m/nofp\libgcc.a
LOAD c:/st/stm32cubeide_1.6.1/stm32cubeide/plugins/com.st.stm32cube.ide.mcu.externaltools.gnu-tools-for-stm32.9-2020-q2-update.win32_1.5.0.202011040924/tools/bin/../lib/gcc/arm-none-eabi/9.3.1/../../../../arm-none-eabi/lib/thumb/v7-m/nofp\libc_nano.a
LOAD c:/st/stm32cubeide_1.6.1/stm32cubeide/plugins/com.st.stm32cube.ide.mcu.externaltools.gnu-tools-for-stm32.9-2020-q2-update.win32_1.5.0.202011040924/tools/bin/../lib/gcc/arm-none-eabi/9.3.1/../../../../arm-none-eabi/lib/thumb/v7-m/nofp\libnosys.a
END GROUP
START GROUP
LOAD c:/st/stm32cubeide_1.6.1/stm32cubeide/plugins/com.st.stm32cube.ide.mcu.externaltools.gnu-tools-for-stm32.9-2020-q2-update.win32_1.5.0.202011040924/tools/bin/../lib/gcc/arm-none-eabi/9.3.1/thumb/v7-m/nofp\libgcc.a
LOAD c:/st/stm32cubeide_1.6.1/stm32cubeide/plugins/com.st.stm32cube.ide.mcu.externaltools.gnu-tools-for-stm32.9-2020-q2-update.win32_1.5.0.202011040924/tools/bin/../lib/gcc/arm-none-eabi/9.3.1/../../../../arm-none-eabi/lib/thumb/v7-m/nofp\libc_nano.a
LOAD c:/st/stm32cubeide_1.6.1/stm32cubeide/plugins/com.st.stm32cube.ide.mcu.externaltools.gnu-tools-for-stm32.9-2020-q2-update.win32_1.5.0.202011040924/tools/bin/../lib/gcc/arm-none-eabi/9.3.1/../../../../arm-none-eabi/lib/thumb/v7-m/nofp\libnosys.a
END GROUP
LOAD c:/st/stm32cubeide_1.6.1/stm32cubeide/plugins/com.st.stm32cube.ide.mcu.externaltools.gnu-tools-for-stm32.9-2020-q2-update.win32_1.5.0.202011040924/tools/bin/../lib/gcc/arm-none-eabi/9.3.1/thumb/v7-m/nofp/crtend.o
LOAD c:/st/stm32cubeide_1.6.1/stm32cubeide/plugins/com.st.stm32cube.ide.mcu.externaltools.gnu-tools-for-stm32.9-2020-q2-update.win32_1.5.0.202011040924/tools/bin/../lib/gcc/arm-none-eabi/9.3.1/thumb/v7-m/nofp/crtn.o
                0x0000000020005000                _estack = (ORIGIN (RAM) + LENGTH (RAM))
                0x0000000000000200                _Min_Heap_Size = 0x200
                0x0000000000000400                _Min_Stack_Size = 0x400

.isr_vector     0x0000000008000000      0x10c
                0x0000000008000000                . = ALIGN (0x4)
 *(.isr_vector)
 .isr_vector    0x0000000008000000      0x10c Core/Startup/startup_stm32f103c8tx.o
                0x0000000008000000                g_pfnVectors
                0x000000000800010c                . = ALIGN (0x4)

.text           0x000000000800010c     0x3d08
                0x000000000800010c                . = ALIGN (0x4)
 *(.text)
 .text          0x000000000800010c       0x40 c:/st/stm32cubeide_1.6.1/stm32cubeide/plugins/com.st.stm32cube.ide.mcu.externaltools.gnu-tools-for-stm32.9-2020-q2-update.win32_1.5.0.202011040924/tools/bin/../lib/gcc/arm-none-eabi/9.3.1/thumb/v7-m/nofp/crtbegin.o
 *(.text*)
 .text.main     0x000000000800014c      0x2d8 Core/Src/main.o
                0x000000000800014c                main
 .text.SystemClock_Config
                0x0000000008000424       0x90 Core/Src/main.o
                0x0000000008000424                SystemClock_Config
 .text.MX_SPI1_Init
                0x00000000080004b4       0x6c Core/Src/main.o
 .text.MX_USART1_UART_Init
                0x0000000008000520       0x54 Core/Src/main.o
 .text.MX_USART2_UART_Init
                0x0000000008000574       0x54 Core/Src/main.o
 .text.MX_DMA_Init
                0x00000000080005c8       0x4c Core/Src/main.o
 .text.MX_GPIO_Init
                0x0000000008000614       0xd8 Core/Src/main.o
 .text.USER_UART_IRQHandler
                0x00000000080006ec       0x58 Core/Src/main.o
                0x00000000080006ec                USER_UART_IRQHandler
 .text.Error_Handler
                0x0000000008000744        0xa Core/Src/main.o
                0x0000000008000744                Error_Handler
 *fill*         0x000000000800074e        0x2 
 .text.HAL_MspInit
                0x0000000008000750       0x64 Core/Src/stm32f1xx_hal_msp.o
                0x0000000008000750                HAL_MspInit
 .text.HAL_SPI_MspInit
                0x00000000080007b4       0x94 Core/Src/stm32f1xx_hal_msp.o
                0x00000000080007b4                HAL_SPI_MspInit
 .text.HAL_UART_MspInit
                0x0000000008000848      0x1d4 Core/Src/stm32f1xx_hal_msp.o
                0x0000000008000848                HAL_UART_MspInit
 .text.NMI_Handler
                0x0000000008000a1c        0xa Core/Src/stm32f1xx_it.o
                0x0000000008000a1c                NMI_Handler
 .text.HardFault_Handler
                0x0000000008000a26        0x6 Core/Src/stm32f1xx_it.o
                0x0000000008000a26                HardFault_Handler
 .text.MemManage_Handler
                0x0000000008000a2c        0x6 Core/Src/stm32f1xx_it.o
                0x0000000008000a2c                MemManage_Handler
 .text.BusFault_Handler
                0x0000000008000a32        0x6 Core/Src/stm32f1xx_it.o
                0x0000000008000a32                BusFault_Handler
 .text.UsageFault_Handler
                0x0000000008000a38        0x6 Core/Src/stm32f1xx_it.o
                0x0000000008000a38                UsageFault_Handler
 .text.SVC_Handler
                0x0000000008000a3e        0xc Core/Src/stm32f1xx_it.o
                0x0000000008000a3e                SVC_Handler
 .text.DebugMon_Handler
                0x0000000008000a4a        0xc Core/Src/stm32f1xx_it.o
                0x0000000008000a4a                DebugMon_Handler
 .text.PendSV_Handler
                0x0000000008000a56        0xc Core/Src/stm32f1xx_it.o
                0x0000000008000a56                PendSV_Handler
 .text.SysTick_Handler
                0x0000000008000a62        0xc Core/Src/stm32f1xx_it.o
                0x0000000008000a62                SysTick_Handler
 *fill*         0x0000000008000a6e        0x2 
 .text.DMA1_Channel4_IRQHandler
                0x0000000008000a70       0x14 Core/Src/stm32f1xx_it.o
                0x0000000008000a70                DMA1_Channel4_IRQHandler
 .text.DMA1_Channel5_IRQHandler
                0x0000000008000a84       0x14 Core/Src/stm32f1xx_it.o
                0x0000000008000a84                DMA1_Channel5_IRQHandler
 .text.USART1_IRQHandler
                0x0000000008000a98       0x18 Core/Src/stm32f1xx_it.o
                0x0000000008000a98                USART1_IRQHandler
 .text.USART2_IRQHandler
                0x0000000008000ab0       0x14 Core/Src/stm32f1xx_it.o
                0x0000000008000ab0                USART2_IRQHandler
 .text.SystemInit
                0x0000000008000ac4        0xc Core/Src/system_stm32f1xx.o
                0x0000000008000ac4                SystemInit
 .text.W25qxx_Spi
                0x0000000008000ad0       0x2c Core/Src/w25qxx.o
                0x0000000008000ad0                W25qxx_Spi
 .text.W25qxx_ReadID
                0x0000000008000afc       0x6c Core/Src/w25qxx.o
                0x0000000008000afc                W25qxx_ReadID
 .text.W25qxx_WriteEnable
                0x0000000008000b68       0x2c Core/Src/w25qxx.o
                0x0000000008000b68                W25qxx_WriteEnable
 .text.W25qxx_WaitForWriteEnd
                0x0000000008000b94       0x54 Core/Src/w25qxx.o
                0x0000000008000b94                W25qxx_WaitForWriteEnd
 .text.W25qxx_Init
                0x0000000008000be8      0x204 Core/Src/w25qxx.o
                0x0000000008000be8                W25qxx_Init
 .text.W25qxx_EraseSector
                0x0000000008000dec       0xa8 Core/Src/w25qxx.o
                0x0000000008000dec                W25qxx_EraseSector
 .text.W25qxx_WritePage
                0x0000000008000e94      0x100 Core/Src/w25qxx.o
                0x0000000008000e94                W25qxx_WritePage
 .text.W25qxx_ReadBytes
                0x0000000008000f94       0xb0 Core/Src/w25qxx.o
                0x0000000008000f94                W25qxx_ReadBytes
 .text.W25qxx_ReadPage
                0x0000000008001044       0xf4 Core/Src/w25qxx.o
                0x0000000008001044                W25qxx_ReadPage
 .text.Reset_Handler
                0x0000000008001138       0x48 Core/Startup/startup_stm32f103c8tx.o
                0x0000000008001138                Reset_Handler
 .text.Default_Handler
                0x0000000008001180        0x2 Core/Startup/startup_stm32f103c8tx.o
                0x0000000008001180                RTC_Alarm_IRQHandler
                0x0000000008001180                EXTI2_IRQHandler
                0x0000000008001180                TIM1_CC_IRQHandler
                0x0000000008001180                PVD_IRQHandler
                0x0000000008001180                EXTI3_IRQHandler
                0x0000000008001180                EXTI0_IRQHandler
                0x0000000008001180                I2C2_EV_IRQHandler
                0x0000000008001180                ADC1_2_IRQHandler
                0x0000000008001180                SPI1_IRQHandler
                0x0000000008001180                TAMPER_IRQHandler
                0x0000000008001180                USART3_IRQHandler
                0x0000000008001180                RTC_IRQHandler
                0x0000000008001180                DMA1_Channel7_IRQHandler
                0x0000000008001180                CAN1_RX1_IRQHandler
                0x0000000008001180                TIM4_IRQHandler
                0x0000000008001180                I2C1_EV_IRQHandler
                0x0000000008001180                DMA1_Channel6_IRQHandler
                0x0000000008001180                TIM3_IRQHandler
                0x0000000008001180                RCC_IRQHandler
                0x0000000008001180                TIM1_TRG_COM_IRQHandler
                0x0000000008001180                DMA1_Channel1_IRQHandler
                0x0000000008001180                Default_Handler
                0x0000000008001180                EXTI15_10_IRQHandler
                0x0000000008001180                EXTI9_5_IRQHandler
                0x0000000008001180                SPI2_IRQHandler
                0x0000000008001180                EXTI4_IRQHandler
                0x0000000008001180                USB_LP_CAN1_RX0_IRQHandler
                0x0000000008001180                USB_HP_CAN1_TX_IRQHandler
                0x0000000008001180                DMA1_Channel3_IRQHandler
                0x0000000008001180                TIM1_UP_IRQHandler
                0x0000000008001180                WWDG_IRQHandler
                0x0000000008001180                TIM2_IRQHandler
                0x0000000008001180                TIM1_BRK_IRQHandler
                0x0000000008001180                EXTI1_IRQHandler
                0x0000000008001180                I2C2_ER_IRQHandler
                0x0000000008001180                DMA1_Channel2_IRQHandler
                0x0000000008001180                CAN1_SCE_IRQHandler
                0x0000000008001180                FLASH_IRQHandler
                0x0000000008001180                I2C1_ER_IRQHandler
                0x0000000008001180                USBWakeUp_IRQHandler
 *fill*         0x0000000008001182        0x2 
 .text.HAL_Init
                0x0000000008001184       0x2c Drivers/STM32F1xx_HAL_Driver/Src/stm32f1xx_hal.o
                0x0000000008001184                HAL_Init
 .text.HAL_InitTick
                0x00000000080011b0       0x60 Drivers/STM32F1xx_HAL_Driver/Src/stm32f1xx_hal.o
                0x00000000080011b0                HAL_InitTick
 .text.HAL_IncTick
                0x0000000008001210       0x24 Drivers/STM32F1xx_HAL_Driver/Src/stm32f1xx_hal.o
                0x0000000008001210                HAL_IncTick
 .text.HAL_GetTick
                0x0000000008001234       0x14 Drivers/STM32F1xx_HAL_Driver/Src/stm32f1xx_hal.o
                0x0000000008001234                HAL_GetTick
 .text.HAL_Delay
                0x0000000008001248       0x48 Drivers/STM32F1xx_HAL_Driver/Src/stm32f1xx_hal.o
                0x0000000008001248                HAL_Delay
 .text.__NVIC_SetPriorityGrouping
                0x0000000008001290       0x48 Drivers/STM32F1xx_HAL_Driver/Src/stm32f1xx_hal_cortex.o
 .text.__NVIC_GetPriorityGrouping
                0x00000000080012d8       0x1c Drivers/STM32F1xx_HAL_Driver/Src/stm32f1xx_hal_cortex.o
 .text.__NVIC_EnableIRQ
                0x00000000080012f4       0x38 Drivers/STM32F1xx_HAL_Driver/Src/stm32f1xx_hal_cortex.o
 .text.__NVIC_SetPriority
                0x000000000800132c       0x54 Drivers/STM32F1xx_HAL_Driver/Src/stm32f1xx_hal_cortex.o
 .text.NVIC_EncodePriority
                0x0000000008001380       0x64 Drivers/STM32F1xx_HAL_Driver/Src/stm32f1xx_hal_cortex.o
 .text.SysTick_Config
                0x00000000080013e4       0x44 Drivers/STM32F1xx_HAL_Driver/Src/stm32f1xx_hal_cortex.o
 .text.HAL_NVIC_SetPriorityGrouping
                0x0000000008001428       0x16 Drivers/STM32F1xx_HAL_Driver/Src/stm32f1xx_hal_cortex.o
                0x0000000008001428                HAL_NVIC_SetPriorityGrouping
 .text.HAL_NVIC_SetPriority
                0x000000000800143e       0x38 Drivers/STM32F1xx_HAL_Driver/Src/stm32f1xx_hal_cortex.o
                0x000000000800143e                HAL_NVIC_SetPriority
 .text.HAL_NVIC_EnableIRQ
                0x0000000008001476       0x1c Drivers/STM32F1xx_HAL_Driver/Src/stm32f1xx_hal_cortex.o
                0x0000000008001476                HAL_NVIC_EnableIRQ
 .text.HAL_SYSTICK_Config
                0x0000000008001492       0x18 Drivers/STM32F1xx_HAL_Driver/Src/stm32f1xx_hal_cortex.o
                0x0000000008001492                HAL_SYSTICK_Config
 *fill*         0x00000000080014aa        0x2 
 .text.HAL_DMA_Init
                0x00000000080014ac       0xb4 Drivers/STM32F1xx_HAL_Driver/Src/stm32f1xx_hal_dma.o
                0x00000000080014ac                HAL_DMA_Init
 .text.HAL_DMA_Start_IT
                0x0000000008001560       0xbe Drivers/STM32F1xx_HAL_Driver/Src/stm32f1xx_hal_dma.o
                0x0000000008001560                HAL_DMA_Start_IT
 .text.HAL_DMA_Abort
                0x000000000800161e       0x74 Drivers/STM32F1xx_HAL_Driver/Src/stm32f1xx_hal_dma.o
                0x000000000800161e                HAL_DMA_Abort
 *fill*         0x0000000008001692        0x2 
 .text.HAL_DMA_Abort_IT
                0x0000000008001694       0xec Drivers/STM32F1xx_HAL_Driver/Src/stm32f1xx_hal_dma.o
                0x0000000008001694                HAL_DMA_Abort_IT
 .text.HAL_DMA_IRQHandler
                0x0000000008001780      0x20c Drivers/STM32F1xx_HAL_Driver/Src/stm32f1xx_hal_dma.o
                0x0000000008001780                HAL_DMA_IRQHandler
 .text.DMA_SetConfig
                0x000000000800198c       0x5a Drivers/STM32F1xx_HAL_Driver/Src/stm32f1xx_hal_dma.o
 *fill*         0x00000000080019e6        0x2 
 .text.HAL_GPIO_Init
                0x00000000080019e8      0x308 Drivers/STM32F1xx_HAL_Driver/Src/stm32f1xx_hal_gpio.o
                0x00000000080019e8                HAL_GPIO_Init
 .text.HAL_GPIO_WritePin
                0x0000000008001cf0       0x30 Drivers/STM32F1xx_HAL_Driver/Src/stm32f1xx_hal_gpio.o
                0x0000000008001cf0                HAL_GPIO_WritePin
 .text.HAL_RCC_OscConfig
                0x0000000008001d20      0x500 Drivers/STM32F1xx_HAL_Driver/Src/stm32f1xx_hal_rcc.o
                0x0000000008001d20                HAL_RCC_OscConfig
 .text.HAL_RCC_ClockConfig
                0x0000000008002220      0x1d4 Drivers/STM32F1xx_HAL_Driver/Src/stm32f1xx_hal_rcc.o
                0x0000000008002220                HAL_RCC_ClockConfig
 .text.HAL_RCC_EnableCSS
                0x00000000080023f4       0x18 Drivers/STM32F1xx_HAL_Driver/Src/stm32f1xx_hal_rcc.o
                0x00000000080023f4                HAL_RCC_EnableCSS
 .text.HAL_RCC_GetSysClockFreq
                0x000000000800240c       0xc0 Drivers/STM32F1xx_HAL_Driver/Src/stm32f1xx_hal_rcc.o
                0x000000000800240c                HAL_RCC_GetSysClockFreq
 .text.HAL_RCC_GetHCLKFreq
                0x00000000080024cc       0x14 Drivers/STM32F1xx_HAL_Driver/Src/stm32f1xx_hal_rcc.o
                0x00000000080024cc                HAL_RCC_GetHCLKFreq
 .text.HAL_RCC_GetPCLK1Freq
                0x00000000080024e0       0x28 Drivers/STM32F1xx_HAL_Driver/Src/stm32f1xx_hal_rcc.o
                0x00000000080024e0                HAL_RCC_GetPCLK1Freq
 .text.HAL_RCC_GetPCLK2Freq
                0x0000000008002508       0x28 Drivers/STM32F1xx_HAL_Driver/Src/stm32f1xx_hal_rcc.o
                0x0000000008002508                HAL_RCC_GetPCLK2Freq
 .text.HAL_RCC_NMI_IRQHandler
                0x0000000008002530       0x28 Drivers/STM32F1xx_HAL_Driver/Src/stm32f1xx_hal_rcc.o
                0x0000000008002530                HAL_RCC_NMI_IRQHandler
 .text.RCC_Delay
                0x0000000008002558       0x3c Drivers/STM32F1xx_HAL_Driver/Src/stm32f1xx_hal_rcc.o
 .text.HAL_RCC_CSSCallback
                0x0000000008002594        0xc Drivers/STM32F1xx_HAL_Driver/Src/stm32f1xx_hal_rcc.o
                0x0000000008002594                HAL_RCC_CSSCallback
 .text.HAL_SPI_Init
                0x00000000080025a0      0x108 Drivers/STM32F1xx_HAL_Driver/Src/stm32f1xx_hal_spi.o
                0x00000000080025a0                HAL_SPI_Init
 .text.HAL_SPI_Transmit
                0x00000000080026a8      0x278 Drivers/STM32F1xx_HAL_Driver/Src/stm32f1xx_hal_spi.o
                0x00000000080026a8                HAL_SPI_Transmit
 .text.HAL_SPI_Receive
                0x0000000008002920      0x222 Drivers/STM32F1xx_HAL_Driver/Src/stm32f1xx_hal_spi.o
                0x0000000008002920                HAL_SPI_Receive
 .text.HAL_SPI_TransmitReceive
                0x0000000008002b42      0x344 Drivers/STM32F1xx_HAL_Driver/Src/stm32f1xx_hal_spi.o
                0x0000000008002b42                HAL_SPI_TransmitReceive
 *fill*         0x0000000008002e86        0x2 
 .text.SPI_WaitFlagStateUntilTimeout
                0x0000000008002e88      0x110 Drivers/STM32F1xx_HAL_Driver/Src/stm32f1xx_hal_spi.o
 .text.SPI_EndRxTransaction
                0x0000000008002f98       0xa4 Drivers/STM32F1xx_HAL_Driver/Src/stm32f1xx_hal_spi.o
 .text.SPI_EndRxTxTransaction
                0x000000000800303c       0x3c Drivers/STM32F1xx_HAL_Driver/Src/stm32f1xx_hal_spi.o
 .text.HAL_UART_Init
                0x0000000008003078       0x9a Drivers/STM32F1xx_HAL_Driver/Src/stm32f1xx_hal_uart.o
                0x0000000008003078                HAL_UART_Init
 .text.HAL_UART_Transmit
                0x0000000008003112      0x124 Drivers/STM32F1xx_HAL_Driver/Src/stm32f1xx_hal_uart.o
                0x0000000008003112                HAL_UART_Transmit
 .text.HAL_UART_Receive_DMA
                0x0000000008003236       0x60 Drivers/STM32F1xx_HAL_Driver/Src/stm32f1xx_hal_uart.o
                0x0000000008003236                HAL_UART_Receive_DMA
 .text.HAL_UART_DMAStop
                0x0000000008003296       0xb6 Drivers/STM32F1xx_HAL_Driver/Src/stm32f1xx_hal_uart.o
                0x0000000008003296                HAL_UART_DMAStop
 .text.HAL_UART_IRQHandler
                0x000000000800334c      0x354 Drivers/STM32F1xx_HAL_Driver/Src/stm32f1xx_hal_uart.o
                0x000000000800334c                HAL_UART_IRQHandler
 .text.HAL_UART_TxCpltCallback
                0x00000000080036a0       0x12 Drivers/STM32F1xx_HAL_Driver/Src/stm32f1xx_hal_uart.o
                0x00000000080036a0                HAL_UART_TxCpltCallback
 .text.HAL_UART_RxCpltCallback
                0x00000000080036b2       0x12 Drivers/STM32F1xx_HAL_Driver/Src/stm32f1xx_hal_uart.o
                0x00000000080036b2                HAL_UART_RxCpltCallback
 .text.HAL_UART_RxHalfCpltCallback
                0x00000000080036c4       0x12 Drivers/STM32F1xx_HAL_Driver/Src/stm32f1xx_hal_uart.o
                0x00000000080036c4                HAL_UART_RxHalfCpltCallback
 .text.HAL_UART_ErrorCallback
                0x00000000080036d6       0x12 Drivers/STM32F1xx_HAL_Driver/Src/stm32f1xx_hal_uart.o
                0x00000000080036d6                HAL_UART_ErrorCallback
 .text.HAL_UARTEx_RxEventCallback
                0x00000000080036e8       0x16 Drivers/STM32F1xx_HAL_Driver/Src/stm32f1xx_hal_uart.o
                0x00000000080036e8                HAL_UARTEx_RxEventCallback
 .text.UART_DMAReceiveCplt
                0x00000000080036fe       0x96 Drivers/STM32F1xx_HAL_Driver/Src/stm32f1xx_hal_uart.o
 .text.UART_DMARxHalfCplt
                0x0000000008003794       0x36 Drivers/STM32F1xx_HAL_Driver/Src/stm32f1xx_hal_uart.o
 .text.UART_DMAError
                0x00000000080037ca       0x94 Drivers/STM32F1xx_HAL_Driver/Src/stm32f1xx_hal_uart.o
 .text.UART_WaitOnFlagUntilTimeout
                0x000000000800385e       0x94 Drivers/STM32F1xx_HAL_Driver/Src/stm32f1xx_hal_uart.o
 *fill*         0x00000000080038f2        0x2 
 .text.UART_Start_Receive_DMA
                0x00000000080038f4       0xc8 Drivers/STM32F1xx_HAL_Driver/Src/stm32f1xx_hal_uart.o
                0x00000000080038f4                UART_Start_Receive_DMA
 .text.UART_EndTxTransfer
                0x00000000080039bc       0x2a Drivers/STM32F1xx_HAL_Driver/Src/stm32f1xx_hal_uart.o
 .text.UART_EndRxTransfer
                0x00000000080039e6       0x58 Drivers/STM32F1xx_HAL_Driver/Src/stm32f1xx_hal_uart.o
 .text.UART_DMAAbortOnError
                0x0000000008003a3e       0x28 Drivers/STM32F1xx_HAL_Driver/Src/stm32f1xx_hal_uart.o
 .text.UART_Transmit_IT
                0x0000000008003a66       0x9e Drivers/STM32F1xx_HAL_Driver/Src/stm32f1xx_hal_uart.o
 .text.UART_EndTransmit_IT
                0x0000000008003b04       0x30 Drivers/STM32F1xx_HAL_Driver/Src/stm32f1xx_hal_uart.o
 .text.UART_Receive_IT
                0x0000000008003b34      0x152 Drivers/STM32F1xx_HAL_Driver/Src/stm32f1xx_hal_uart.o
 *fill*         0x0000000008003c86        0x2 
 .text.UART_SetConfig
                0x0000000008003c88      0x11c Drivers/STM32F1xx_HAL_Driver/Src/stm32f1xx_hal_uart.o
 .text.__libc_init_array
                0x0000000008003da4       0x48 c:/st/stm32cubeide_1.6.1/stm32cubeide/plugins/com.st.stm32cube.ide.mcu.externaltools.gnu-tools-for-stm32.9-2020-q2-update.win32_1.5.0.202011040924/tools/bin/../lib/gcc/arm-none-eabi/9.3.1/../../../../arm-none-eabi/lib/thumb/v7-m/nofp\libc_nano.a(lib_a-init.o)
                0x0000000008003da4                __libc_init_array
 .text.memset   0x0000000008003dec       0x10 c:/st/stm32cubeide_1.6.1/stm32cubeide/plugins/com.st.stm32cube.ide.mcu.externaltools.gnu-tools-for-stm32.9-2020-q2-update.win32_1.5.0.202011040924/tools/bin/../lib/gcc/arm-none-eabi/9.3.1/../../../../arm-none-eabi/lib/thumb/v7-m/nofp\libc_nano.a(lib_a-memset.o)
                0x0000000008003dec                memset
 *(.glue_7)
 .glue_7        0x0000000008003dfc        0x0 linker stubs
 *(.glue_7t)
 .glue_7t       0x0000000008003dfc        0x0 linker stubs
 *(.eh_frame)
 .eh_frame      0x0000000008003dfc        0x0 c:/st/stm32cubeide_1.6.1/stm32cubeide/plugins/com.st.stm32cube.ide.mcu.externaltools.gnu-tools-for-stm32.9-2020-q2-update.win32_1.5.0.202011040924/tools/bin/../lib/gcc/arm-none-eabi/9.3.1/thumb/v7-m/nofp/crtbegin.o
 *(.init)
 .init          0x0000000008003dfc        0x4 c:/st/stm32cubeide_1.6.1/stm32cubeide/plugins/com.st.stm32cube.ide.mcu.externaltools.gnu-tools-for-stm32.9-2020-q2-update.win32_1.5.0.202011040924/tools/bin/../lib/gcc/arm-none-eabi/9.3.1/thumb/v7-m/nofp/crti.o
                0x0000000008003dfc                _init
 .init          0x0000000008003e00        0x8 c:/st/stm32cubeide_1.6.1/stm32cubeide/plugins/com.st.stm32cube.ide.mcu.externaltools.gnu-tools-for-stm32.9-2020-q2-update.win32_1.5.0.202011040924/tools/bin/../lib/gcc/arm-none-eabi/9.3.1/thumb/v7-m/nofp/crtn.o
 *(.fini)
 .fini          0x0000000008003e08        0x4 c:/st/stm32cubeide_1.6.1/stm32cubeide/plugins/com.st.stm32cube.ide.mcu.externaltools.gnu-tools-for-stm32.9-2020-q2-update.win32_1.5.0.202011040924/tools/bin/../lib/gcc/arm-none-eabi/9.3.1/thumb/v7-m/nofp/crti.o
                0x0000000008003e08                _fini
 .fini          0x0000000008003e0c        0x8 c:/st/stm32cubeide_1.6.1/stm32cubeide/plugins/com.st.stm32cube.ide.mcu.externaltools.gnu-tools-for-stm32.9-2020-q2-update.win32_1.5.0.202011040924/tools/bin/../lib/gcc/arm-none-eabi/9.3.1/thumb/v7-m/nofp/crtn.o
                0x0000000008003e14                . = ALIGN (0x4)
                0x0000000008003e14                _etext = .

.vfp11_veneer   0x0000000008003e14        0x0
 .vfp11_veneer  0x0000000008003e14        0x0 linker stubs

.v4_bx          0x0000000008003e14        0x0
 .v4_bx         0x0000000008003e14        0x0 linker stubs

.iplt           0x0000000008003e14        0x0
 .iplt          0x0000000008003e14        0x0 c:/st/stm32cubeide_1.6.1/stm32cubeide/plugins/com.st.stm32cube.ide.mcu.externaltools.gnu-tools-for-stm32.9-2020-q2-update.win32_1.5.0.202011040924/tools/bin/../lib/gcc/arm-none-eabi/9.3.1/thumb/v7-m/nofp/crtbegin.o

.rodata         0x0000000008003e14       0x28
                0x0000000008003e14                . = ALIGN (0x4)
 *(.rodata)
 .rodata        0x0000000008003e14       0x10 Drivers/STM32F1xx_HAL_Driver/Src/stm32f1xx_hal_rcc.o
 *(.rodata*)
 .rodata.AHBPrescTable
                0x0000000008003e24       0x10 Core/Src/system_stm32f1xx.o
                0x0000000008003e24                AHBPrescTable
 .rodata.APBPrescTable
                0x0000000008003e34        0x8 Core/Src/system_stm32f1xx.o
                0x0000000008003e34                APBPrescTable
                0x0000000008003e3c                . = ALIGN (0x4)

.rel.dyn        0x0000000008003e3c        0x0
 .rel.iplt      0x0000000008003e3c        0x0 c:/st/stm32cubeide_1.6.1/stm32cubeide/plugins/com.st.stm32cube.ide.mcu.externaltools.gnu-tools-for-stm32.9-2020-q2-update.win32_1.5.0.202011040924/tools/bin/../lib/gcc/arm-none-eabi/9.3.1/thumb/v7-m/nofp/crtbegin.o

.ARM.extab      0x0000000008003e3c        0x0
                0x0000000008003e3c                . = ALIGN (0x4)
 *(.ARM.extab* .gnu.linkonce.armextab.*)
                0x0000000008003e3c                . = ALIGN (0x4)

.ARM            0x0000000008003e3c        0x0
                0x0000000008003e3c                . = ALIGN (0x4)
                0x0000000008003e3c                __exidx_start = .
 *(.ARM.exidx*)
                0x0000000008003e3c                __exidx_end = .
                0x0000000008003e3c                . = ALIGN (0x4)

.preinit_array  0x0000000008003e3c        0x0
                0x0000000008003e3c                . = ALIGN (0x4)
                0x0000000008003e3c                PROVIDE (__preinit_array_start = .)
 *(.preinit_array*)
                0x0000000008003e3c                PROVIDE (__preinit_array_end = .)
                0x0000000008003e3c                . = ALIGN (0x4)

.init_array     0x0000000008003e3c        0x4
                0x0000000008003e3c                . = ALIGN (0x4)
                0x0000000008003e3c                PROVIDE (__init_array_start = .)
 *(SORT_BY_NAME(.init_array.*))
 *(.init_array*)
 .init_array    0x0000000008003e3c        0x4 c:/st/stm32cubeide_1.6.1/stm32cubeide/plugins/com.st.stm32cube.ide.mcu.externaltools.gnu-tools-for-stm32.9-2020-q2-update.win32_1.5.0.202011040924/tools/bin/../lib/gcc/arm-none-eabi/9.3.1/thumb/v7-m/nofp/crtbegin.o
                0x0000000008003e40                PROVIDE (__init_array_end = .)
                0x0000000008003e40                . = ALIGN (0x4)

.fini_array     0x0000000008003e40        0x4
                0x0000000008003e40                . = ALIGN (0x4)
                [!provide]                        PROVIDE (__fini_array_start = .)
 *(SORT_BY_NAME(.fini_array.*))
 *(.fini_array*)
 .fini_array    0x0000000008003e40        0x4 c:/st/stm32cubeide_1.6.1/stm32cubeide/plugins/com.st.stm32cube.ide.mcu.externaltools.gnu-tools-for-stm32.9-2020-q2-update.win32_1.5.0.202011040924/tools/bin/../lib/gcc/arm-none-eabi/9.3.1/thumb/v7-m/nofp/crtbegin.o
                [!provide]                        PROVIDE (__fini_array_end = .)
                0x0000000008003e44                . = ALIGN (0x4)
                0x0000000008003e44                _sidata = LOADADDR (.data)

.data           0x0000000020000000       0x10 load address 0x0000000008003e44
                0x0000000020000000                . = ALIGN (0x4)
                0x0000000020000000                _sdata = .
 *(.data)
 *(.data*)
 .data.SIZE_BLOCK
                0x0000000020000000        0x4 Core/Src/main.o
                0x0000000020000000                SIZE_BLOCK
 .data.SystemCoreClock
                0x0000000020000004        0x4 Core/Src/system_stm32f1xx.o
                0x0000000020000004                SystemCoreClock
 .data.uwTickPrio
                0x0000000020000008        0x4 Drivers/STM32F1xx_HAL_Driver/Src/stm32f1xx_hal.o
                0x0000000020000008                uwTickPrio
 .data.uwTickFreq
                0x000000002000000c        0x1 Drivers/STM32F1xx_HAL_Driver/Src/stm32f1xx_hal.o
                0x000000002000000c                uwTickFreq
 *(.RamFunc)
 *(.RamFunc*)
                0x0000000020000010                . = ALIGN (0x4)
 *fill*         0x000000002000000d        0x3 
                0x0000000020000010                _edata = .

.igot.plt       0x0000000020000010        0x0 load address 0x0000000008003e54
 .igot.plt      0x0000000020000010        0x0 c:/st/stm32cubeide_1.6.1/stm32cubeide/plugins/com.st.stm32cube.ide.mcu.externaltools.gnu-tools-for-stm32.9-2020-q2-update.win32_1.5.0.202011040924/tools/bin/../lib/gcc/arm-none-eabi/9.3.1/thumb/v7-m/nofp/crtbegin.o
                0x0000000020000010                . = ALIGN (0x4)

.bss            0x0000000020000010      0x4e4 load address 0x0000000008003e54
                0x0000000020000010                _sbss = .
                0x0000000020000010                __bss_start__ = _sbss
 *(.bss)
 .bss           0x0000000020000010       0x1c c:/st/stm32cubeide_1.6.1/stm32cubeide/plugins/com.st.stm32cube.ide.mcu.externaltools.gnu-tools-for-stm32.9-2020-q2-update.win32_1.5.0.202011040924/tools/bin/../lib/gcc/arm-none-eabi/9.3.1/thumb/v7-m/nofp/crtbegin.o
 *(.bss*)
 .bss.RX        0x000000002000002c        0x1 Core/Src/main.o
                0x000000002000002c                RX
 *fill*         0x000000002000002d        0x3 
 .bss.receive_buffer
                0x0000000020000030      0x190 Core/Src/main.o
                0x0000000020000030                receive_buffer
 .bss.transmit_buffer
                0x00000000200001c0      0x190 Core/Src/main.o
                0x00000000200001c0                transmit_buffer
 .bss.START_SECTOR_OF_FIRMWARE
                0x0000000020000350        0x1 Core/Src/main.o
                0x0000000020000350                START_SECTOR_OF_FIRMWARE
 *fill*         0x0000000020000351        0x3 
 .bss.firmware_size
                0x0000000020000354        0x4 Core/Src/main.o
                0x0000000020000354                firmware_size
 .bss.count_of_read
                0x0000000020000358        0x4 Core/Src/main.o
                0x0000000020000358                count_of_read
 .bss.Size_of_firmwware
                0x000000002000035c        0x3 Core/Src/main.o
                0x000000002000035c                Size_of_firmwware
 *(COMMON)
 *fill*         0x000000002000035f        0x1 
 COMMON         0x0000000020000360      0x168 Core/Src/main.o
                0x0000000020000360                hdma_usart1_tx
                0x00000000200003a4                hdma_usart1_rx
                0x00000000200003e8                huart1
                0x000000002000042c                hspi1
                0x0000000020000484                huart2
 COMMON         0x00000000200004c8       0x28 Core/Src/w25qxx.o
                0x00000000200004c8                w25qxx
 COMMON         0x00000000200004f0        0x4 Drivers/STM32F1xx_HAL_Driver/Src/stm32f1xx_hal.o
                0x00000000200004f0                uwTick
                0x00000000200004f4                . = ALIGN (0x4)
                0x00000000200004f4                _ebss = .
                0x00000000200004f4                __bss_end__ = _ebss

._user_heap_stack
                0x00000000200004f4      0x604 load address 0x0000000008003e54
                0x00000000200004f8                . = ALIGN (0x8)
 *fill*         0x00000000200004f4        0x4 
                [!provide]                        PROVIDE (end = .)
                0x00000000200004f8                PROVIDE (_end = .)
                0x00000000200006f8                . = (. + _Min_Heap_Size)
 *fill*         0x00000000200004f8      0x200 
                0x0000000020000af8                . = (. + _Min_Stack_Size)
 *fill*         0x00000000200006f8      0x400 
                0x0000000020000af8                . = ALIGN (0x8)

/DISCARD/
 libc.a(*)
 libm.a(*)
 libgcc.a(*)

.ARM.attributes
                0x0000000000000000       0x29
 *(.ARM.attributes)
 .ARM.attributes
                0x0000000000000000       0x1d c:/st/stm32cubeide_1.6.1/stm32cubeide/plugins/com.st.stm32cube.ide.mcu.externaltools.gnu-tools-for-stm32.9-2020-q2-update.win32_1.5.0.202011040924/tools/bin/../lib/gcc/arm-none-eabi/9.3.1/thumb/v7-m/nofp/crti.o
 .ARM.attributes
                0x000000000000001d       0x2d c:/st/stm32cubeide_1.6.1/stm32cubeide/plugins/com.st.stm32cube.ide.mcu.externaltools.gnu-tools-for-stm32.9-2020-q2-update.win32_1.5.0.202011040924/tools/bin/../lib/gcc/arm-none-eabi/9.3.1/thumb/v7-m/nofp/crtbegin.o
 .ARM.attributes
                0x000000000000004a       0x2d Core/Src/main.o
 .ARM.attributes
                0x0000000000000077       0x2d Core/Src/stm32f1xx_hal_msp.o
 .ARM.attributes
                0x00000000000000a4       0x2d Core/Src/stm32f1xx_it.o
 .ARM.attributes
                0x00000000000000d1       0x2d Core/Src/system_stm32f1xx.o
 .ARM.attributes
                0x00000000000000fe       0x2d Core/Src/w25qxx.o
 .ARM.attributes
                0x000000000000012b       0x21 Core/Startup/startup_stm32f103c8tx.o
 .ARM.attributes
                0x000000000000014c       0x2d Drivers/STM32F1xx_HAL_Driver/Src/stm32f1xx_hal.o
 .ARM.attributes
                0x0000000000000179       0x2d Drivers/STM32F1xx_HAL_Driver/Src/stm32f1xx_hal_cortex.o
 .ARM.attributes
                0x00000000000001a6       0x2d Drivers/STM32F1xx_HAL_Driver/Src/stm32f1xx_hal_dma.o
 .ARM.attributes
                0x00000000000001d3       0x2d Drivers/STM32F1xx_HAL_Driver/Src/stm32f1xx_hal_gpio.o
 .ARM.attributes
                0x0000000000000200       0x2d Drivers/STM32F1xx_HAL_Driver/Src/stm32f1xx_hal_rcc.o
 .ARM.attributes
                0x000000000000022d       0x2d Drivers/STM32F1xx_HAL_Driver/Src/stm32f1xx_hal_spi.o
 .ARM.attributes
                0x000000000000025a       0x2d Drivers/STM32F1xx_HAL_Driver/Src/stm32f1xx_hal_uart.o
 .ARM.attributes
                0x0000000000000287       0x2d c:/st/stm32cubeide_1.6.1/stm32cubeide/plugins/com.st.stm32cube.ide.mcu.externaltools.gnu-tools-for-stm32.9-2020-q2-update.win32_1.5.0.202011040924/tools/bin/../lib/gcc/arm-none-eabi/9.3.1/../../../../arm-none-eabi/lib/thumb/v7-m/nofp\libc_nano.a(lib_a-init.o)
 .ARM.attributes
                0x00000000000002b4       0x2d c:/st/stm32cubeide_1.6.1/stm32cubeide/plugins/com.st.stm32cube.ide.mcu.externaltools.gnu-tools-for-stm32.9-2020-q2-update.win32_1.5.0.202011040924/tools/bin/../lib/gcc/arm-none-eabi/9.3.1/../../../../arm-none-eabi/lib/thumb/v7-m/nofp\libc_nano.a(lib_a-memset.o)
 .ARM.attributes
                0x00000000000002e1       0x1d c:/st/stm32cubeide_1.6.1/stm32cubeide/plugins/com.st.stm32cube.ide.mcu.externaltools.gnu-tools-for-stm32.9-2020-q2-update.win32_1.5.0.202011040924/tools/bin/../lib/gcc/arm-none-eabi/9.3.1/thumb/v7-m/nofp/crtn.o
OUTPUT(F103_flash.elf elf32-littlearm)
LOAD linker stubs
LOAD c:/st/stm32cubeide_1.6.1/stm32cubeide/plugins/com.st.stm32cube.ide.mcu.externaltools.gnu-tools-for-stm32.9-2020-q2-update.win32_1.5.0.202011040924/tools/bin/../lib/gcc/arm-none-eabi/9.3.1/../../../../arm-none-eabi/lib/thumb/v7-m/nofp\libc.a
LOAD c:/st/stm32cubeide_1.6.1/stm32cubeide/plugins/com.st.stm32cube.ide.mcu.externaltools.gnu-tools-for-stm32.9-2020-q2-update.win32_1.5.0.202011040924/tools/bin/../lib/gcc/arm-none-eabi/9.3.1/../../../../arm-none-eabi/lib/thumb/v7-m/nofp\libm.a
LOAD c:/st/stm32cubeide_1.6.1/stm32cubeide/plugins/com.st.stm32cube.ide.mcu.externaltools.gnu-tools-for-stm32.9-2020-q2-update.win32_1.5.0.202011040924/tools/bin/../lib/gcc/arm-none-eabi/9.3.1/thumb/v7-m/nofp\libgcc.a

.debug_info     0x0000000000000000     0x9bf0
 .debug_info    0x0000000000000000     0x1a0a Core/Src/main.o
 .debug_info    0x0000000000001a0a      0xda5 Core/Src/stm32f1xx_hal_msp.o
 .debug_info    0x00000000000027af      0x72d Core/Src/stm32f1xx_it.o
 .debug_info    0x0000000000002edc      0x2be Core/Src/system_stm32f1xx.o
 .debug_info    0x000000000000319a     0x1268 Core/Src/w25qxx.o
 .debug_info    0x0000000000004402       0x22 Core/Startup/startup_stm32f103c8tx.o
 .debug_info    0x0000000000004424      0x76a Drivers/STM32F1xx_HAL_Driver/Src/stm32f1xx_hal.o
 .debug_info    0x0000000000004b8e      0xbdc Drivers/STM32F1xx_HAL_Driver/Src/stm32f1xx_hal_cortex.o
 .debug_info    0x000000000000576a      0x81e Drivers/STM32F1xx_HAL_Driver/Src/stm32f1xx_hal_dma.o
 .debug_info    0x0000000000005f88      0x701 Drivers/STM32F1xx_HAL_Driver/Src/stm32f1xx_hal_gpio.o
 .debug_info    0x0000000000006689      0x88e Drivers/STM32F1xx_HAL_Driver/Src/stm32f1xx_hal_rcc.o
 .debug_info    0x0000000000006f17     0x16bf Drivers/STM32F1xx_HAL_Driver/Src/stm32f1xx_hal_spi.o
 .debug_info    0x00000000000085d6     0x161a Drivers/STM32F1xx_HAL_Driver/Src/stm32f1xx_hal_uart.o

.debug_abbrev   0x0000000000000000     0x1ad7
 .debug_abbrev  0x0000000000000000      0x2fe Core/Src/main.o
 .debug_abbrev  0x00000000000002fe      0x1e2 Core/Src/stm32f1xx_hal_msp.o
 .debug_abbrev  0x00000000000004e0      0x197 Core/Src/stm32f1xx_it.o
 .debug_abbrev  0x0000000000000677      0x14e Core/Src/system_stm32f1xx.o
 .debug_abbrev  0x00000000000007c5      0x284 Core/Src/w25qxx.o
 .debug_abbrev  0x0000000000000a49       0x12 Core/Startup/startup_stm32f103c8tx.o
 .debug_abbrev  0x0000000000000a5b      0x1ed Drivers/STM32F1xx_HAL_Driver/Src/stm32f1xx_hal.o
 .debug_abbrev  0x0000000000000c48      0x313 Drivers/STM32F1xx_HAL_Driver/Src/stm32f1xx_hal_cortex.o
 .debug_abbrev  0x0000000000000f5b      0x228 Drivers/STM32F1xx_HAL_Driver/Src/stm32f1xx_hal_dma.o
 .debug_abbrev  0x0000000000001183      0x1e8 Drivers/STM32F1xx_HAL_Driver/Src/stm32f1xx_hal_gpio.o
 .debug_abbrev  0x000000000000136b      0x273 Drivers/STM32F1xx_HAL_Driver/Src/stm32f1xx_hal_rcc.o
 .debug_abbrev  0x00000000000015de      0x26e Drivers/STM32F1xx_HAL_Driver/Src/stm32f1xx_hal_spi.o
 .debug_abbrev  0x000000000000184c      0x28b Drivers/STM32F1xx_HAL_Driver/Src/stm32f1xx_hal_uart.o

.debug_aranges  0x0000000000000000      0x970
 .debug_aranges
                0x0000000000000000       0x60 Core/Src/main.o
 .debug_aranges
                0x0000000000000060       0x40 Core/Src/stm32f1xx_hal_msp.o
 .debug_aranges
                0x00000000000000a0       0x80 Core/Src/stm32f1xx_it.o
 .debug_aranges
                0x0000000000000120       0x28 Core/Src/system_stm32f1xx.o
 .debug_aranges
                0x0000000000000148       0xe8 Core/Src/w25qxx.o
 .debug_aranges
                0x0000000000000230       0x28 Core/Startup/startup_stm32f103c8tx.o
 .debug_aranges
                0x0000000000000258       0xe0 Drivers/STM32F1xx_HAL_Driver/Src/stm32f1xx_hal.o
 .debug_aranges
                0x0000000000000338      0x100 Drivers/STM32F1xx_HAL_Driver/Src/stm32f1xx_hal_cortex.o
 .debug_aranges
                0x0000000000000438       0x80 Drivers/STM32F1xx_HAL_Driver/Src/stm32f1xx_hal_dma.o
 .debug_aranges
                0x00000000000004b8       0x58 Drivers/STM32F1xx_HAL_Driver/Src/stm32f1xx_hal_gpio.o
 .debug_aranges
                0x0000000000000510       0x90 Drivers/STM32F1xx_HAL_Driver/Src/stm32f1xx_hal_rcc.o
 .debug_aranges
                0x00000000000005a0      0x1d0 Drivers/STM32F1xx_HAL_Driver/Src/stm32f1xx_hal_spi.o
 .debug_aranges
                0x0000000000000770      0x200 Drivers/STM32F1xx_HAL_Driver/Src/stm32f1xx_hal_uart.o

.debug_ranges   0x0000000000000000      0x8d8
 .debug_ranges  0x0000000000000000       0x50 Core/Src/main.o
 .debug_ranges  0x0000000000000050       0x30 Core/Src/stm32f1xx_hal_msp.o
 .debug_ranges  0x0000000000000080       0x70 Core/Src/stm32f1xx_it.o
 .debug_ranges  0x00000000000000f0       0x18 Core/Src/system_stm32f1xx.o
 .debug_ranges  0x0000000000000108       0xd8 Core/Src/w25qxx.o
 .debug_ranges  0x00000000000001e0       0x20 Core/Startup/startup_stm32f103c8tx.o
 .debug_ranges  0x0000000000000200       0xd0 Drivers/STM32F1xx_HAL_Driver/Src/stm32f1xx_hal.o
 .debug_ranges  0x00000000000002d0       0xf0 Drivers/STM32F1xx_HAL_Driver/Src/stm32f1xx_hal_cortex.o
 .debug_ranges  0x00000000000003c0       0x70 Drivers/STM32F1xx_HAL_Driver/Src/stm32f1xx_hal_dma.o
 .debug_ranges  0x0000000000000430       0x48 Drivers/STM32F1xx_HAL_Driver/Src/stm32f1xx_hal_gpio.o
 .debug_ranges  0x0000000000000478       0x80 Drivers/STM32F1xx_HAL_Driver/Src/stm32f1xx_hal_rcc.o
 .debug_ranges  0x00000000000004f8      0x1c0 Drivers/STM32F1xx_HAL_Driver/Src/stm32f1xx_hal_spi.o
 .debug_ranges  0x00000000000006b8      0x220 Drivers/STM32F1xx_HAL_Driver/Src/stm32f1xx_hal_uart.o

.debug_macro    0x0000000000000000    0x16de7
 .debug_macro   0x0000000000000000      0x2c2 Core/Src/main.o
 .debug_macro   0x00000000000002c2      0xa9c Core/Src/main.o
 .debug_macro   0x0000000000000d5e      0x221 Core/Src/main.o
 .debug_macro   0x0000000000000f7f       0x2e Core/Src/main.o
 .debug_macro   0x0000000000000fad       0x22 Core/Src/main.o
 .debug_macro   0x0000000000000fcf       0x22 Core/Src/main.o
 .debug_macro   0x0000000000000ff1       0x8e Core/Src/main.o
 .debug_macro   0x000000000000107f       0x51 Core/Src/main.o
 .debug_macro   0x00000000000010d0      0x103 Core/Src/main.o
 .debug_macro   0x00000000000011d3       0x6a Core/Src/main.o
 .debug_macro   0x000000000000123d      0x1df Core/Src/main.o
 .debug_macro   0x000000000000141c       0x1c Core/Src/main.o
 .debug_macro   0x0000000000001438       0x22 Core/Src/main.o
 .debug_macro   0x000000000000145a       0xc3 Core/Src/main.o
 .debug_macro   0x000000000000151d      0xd23 Core/Src/main.o
 .debug_macro   0x0000000000002240     0xe09e Core/Src/main.o
 .debug_macro   0x00000000000102de       0x6d Core/Src/main.o
 .debug_macro   0x000000000001034b     0x3468 Core/Src/main.o
 .debug_macro   0x00000000000137b3      0x174 Core/Src/main.o
 .debug_macro   0x0000000000013927       0x5c Core/Src/main.o
 .debug_macro   0x0000000000013983      0x5be Core/Src/main.o
 .debug_macro   0x0000000000013f41      0x289 Core/Src/main.o
 .debug_macro   0x00000000000141ca      0x1cb Core/Src/main.o
 .debug_macro   0x0000000000014395      0x114 Core/Src/main.o
 .debug_macro   0x00000000000144a9      0x1b2 Core/Src/main.o
 .debug_macro   0x000000000001465b       0x27 Core/Src/main.o
 .debug_macro   0x0000000000014682      0x136 Core/Src/main.o
 .debug_macro   0x00000000000147b8      0x1bc Core/Src/main.o
 .debug_macro   0x0000000000014974       0x34 Core/Src/main.o
 .debug_macro   0x00000000000149a8       0x3c Core/Src/main.o
 .debug_macro   0x00000000000149e4       0x57 Core/Src/main.o
 .debug_macro   0x0000000000014a3b       0x88 Core/Src/main.o
 .debug_macro   0x0000000000014ac3      0x241 Core/Src/main.o
 .debug_macro   0x0000000000014d04      0x141 Core/Src/main.o
 .debug_macro   0x0000000000014e45      0x217 Core/Src/main.o
 .debug_macro   0x000000000001505c      0x279 Core/Src/main.o
 .debug_macro   0x00000000000152d5       0x83 Core/Src/main.o
 .debug_macro   0x0000000000015358       0x10 Core/Src/main.o
 .debug_macro   0x0000000000015368       0x18 Core/Src/main.o
 .debug_macro   0x0000000000015380       0x52 Core/Src/main.o
 .debug_macro   0x00000000000153d2       0x3c Core/Src/main.o
 .debug_macro   0x000000000001540e       0x34 Core/Src/main.o
 .debug_macro   0x0000000000015442       0x16 Core/Src/main.o
 .debug_macro   0x0000000000015458       0x35 Core/Src/main.o
 .debug_macro   0x000000000001548d       0x16 Core/Src/main.o
 .debug_macro   0x00000000000154a3       0x43 Core/Src/main.o
 .debug_macro   0x00000000000154e6       0x34 Core/Src/main.o
 .debug_macro   0x000000000001551a       0x10 Core/Src/main.o
 .debug_macro   0x000000000001552a       0x58 Core/Src/main.o
 .debug_macro   0x0000000000015582       0x71 Core/Src/main.o
 .debug_macro   0x00000000000155f3       0x1c Core/Src/main.o
 .debug_macro   0x000000000001560f      0x12a Core/Src/main.o
 .debug_macro   0x0000000000015739      0x333 Core/Src/main.o
 .debug_macro   0x0000000000015a6c       0x16 Core/Src/main.o
 .debug_macro   0x0000000000015a82       0x29 Core/Src/main.o
 .debug_macro   0x0000000000015aab       0x16 Core/Src/main.o
 .debug_macro   0x0000000000015ac1       0x20 Core/Src/main.o
 .debug_macro   0x0000000000015ae1       0x82 Core/Src/main.o
 .debug_macro   0x0000000000015b63      0x1a7 Core/Src/stm32f1xx_hal_msp.o
 .debug_macro   0x0000000000015d0a      0x1b1 Core/Src/stm32f1xx_it.o
 .debug_macro   0x0000000000015ebb      0x198 Core/Src/system_stm32f1xx.o
 .debug_macro   0x0000000000016053      0x1c2 Core/Src/w25qxx.o
 .debug_macro   0x0000000000016215      0x1bc Drivers/STM32F1xx_HAL_Driver/Src/stm32f1xx_hal.o
 .debug_macro   0x00000000000163d1      0x198 Drivers/STM32F1xx_HAL_Driver/Src/stm32f1xx_hal_cortex.o
 .debug_macro   0x0000000000016569      0x198 Drivers/STM32F1xx_HAL_Driver/Src/stm32f1xx_hal_dma.o
 .debug_macro   0x0000000000016701      0x203 Drivers/STM32F1xx_HAL_Driver/Src/stm32f1xx_hal_gpio.o
 .debug_macro   0x0000000000016904      0x1aa Drivers/STM32F1xx_HAL_Driver/Src/stm32f1xx_hal_rcc.o
 .debug_macro   0x0000000000016aae      0x1a0 Drivers/STM32F1xx_HAL_Driver/Src/stm32f1xx_hal_spi.o
 .debug_macro   0x0000000000016c4e      0x199 Drivers/STM32F1xx_HAL_Driver/Src/stm32f1xx_hal_uart.o

.debug_line     0x0000000000000000     0x9f2c
 .debug_line    0x0000000000000000      0xb4b Core/Src/main.o
 .debug_line    0x0000000000000b4b      0x78e Core/Src/stm32f1xx_hal_msp.o
 .debug_line    0x00000000000012d9      0x789 Core/Src/stm32f1xx_it.o
 .debug_line    0x0000000000001a62      0x6e1 Core/Src/system_stm32f1xx.o
 .debug_line    0x0000000000002143      0xfbb Core/Src/w25qxx.o
 .debug_line    0x00000000000030fe       0x87 Core/Startup/startup_stm32f103c8tx.o
 .debug_line    0x0000000000003185      0x90e Drivers/STM32F1xx_HAL_Driver/Src/stm32f1xx_hal.o
 .debug_line    0x0000000000003a93      0xaf6 Drivers/STM32F1xx_HAL_Driver/Src/stm32f1xx_hal_cortex.o
 .debug_line    0x0000000000004589      0xd66 Drivers/STM32F1xx_HAL_Driver/Src/stm32f1xx_hal_dma.o
 .debug_line    0x00000000000052ef      0x9a5 Drivers/STM32F1xx_HAL_Driver/Src/stm32f1xx_hal_gpio.o
 .debug_line    0x0000000000005c94      0xd1c Drivers/STM32F1xx_HAL_Driver/Src/stm32f1xx_hal_rcc.o
 .debug_line    0x00000000000069b0     0x1b93 Drivers/STM32F1xx_HAL_Driver/Src/stm32f1xx_hal_spi.o
 .debug_line    0x0000000000008543     0x19e9 Drivers/STM32F1xx_HAL_Driver/Src/stm32f1xx_hal_uart.o

.debug_str      0x0000000000000000    0x83844
 .debug_str     0x0000000000000000    0x818fd Core/Src/main.o
                                      0x81de0 (size before relaxing)
 .debug_str     0x00000000000818fd       0xa5 Core/Src/stm32f1xx_hal_msp.o
                                      0x7e57d (size before relaxing)
 .debug_str     0x00000000000819a2      0x113 Core/Src/stm32f1xx_it.o
                                      0x7e100 (size before relaxing)
 .debug_str     0x0000000000081ab5       0x52 Core/Src/system_stm32f1xx.o
                                      0x7dc48 (size before relaxing)
 .debug_str     0x0000000000081b07      0x3f4 Core/Src/w25qxx.o
                                      0x7e8b5 (size before relaxing)
 .debug_str     0x0000000000081efb       0x7a Core/Startup/startup_stm32f103c8tx.o
 .debug_str     0x0000000000081f75      0x2fa Drivers/STM32F1xx_HAL_Driver/Src/stm32f1xx_hal.o
                                      0x7e2d9 (size before relaxing)
 .debug_str     0x000000000008226f      0x300 Drivers/STM32F1xx_HAL_Driver/Src/stm32f1xx_hal_cortex.o
                                      0x7e2e1 (size before relaxing)
 .debug_str     0x000000000008256f      0x23a Drivers/STM32F1xx_HAL_Driver/Src/stm32f1xx_hal_dma.o
                                      0x7e023 (size before relaxing)
 .debug_str     0x00000000000827a9      0x31f Drivers/STM32F1xx_HAL_Driver/Src/stm32f1xx_hal_gpio.o
                                      0x7e00c (size before relaxing)
 .debug_str     0x0000000000082ac8      0x24f Drivers/STM32F1xx_HAL_Driver/Src/stm32f1xx_hal_rcc.o
                                      0x7e045 (size before relaxing)
 .debug_str     0x0000000000082d17      0x549 Drivers/STM32F1xx_HAL_Driver/Src/stm32f1xx_hal_spi.o
                                      0x7e554 (size before relaxing)
 .debug_str     0x0000000000083260      0x5e4 Drivers/STM32F1xx_HAL_Driver/Src/stm32f1xx_hal_uart.o
                                      0x7e637 (size before relaxing)

.comment        0x0000000000000000       0x53
 .comment       0x0000000000000000       0x53 Core/Src/main.o
                                         0x54 (size before relaxing)
 .comment       0x0000000000000053       0x54 Core/Src/stm32f1xx_hal_msp.o
 .comment       0x0000000000000053       0x54 Core/Src/stm32f1xx_it.o
 .comment       0x0000000000000053       0x54 Core/Src/system_stm32f1xx.o
 .comment       0x0000000000000053       0x54 Core/Src/w25qxx.o
 .comment       0x0000000000000053       0x54 Drivers/STM32F1xx_HAL_Driver/Src/stm32f1xx_hal.o
 .comment       0x0000000000000053       0x54 Drivers/STM32F1xx_HAL_Driver/Src/stm32f1xx_hal_cortex.o
 .comment       0x0000000000000053       0x54 Drivers/STM32F1xx_HAL_Driver/Src/stm32f1xx_hal_dma.o
 .comment       0x0000000000000053       0x54 Drivers/STM32F1xx_HAL_Driver/Src/stm32f1xx_hal_gpio.o
 .comment       0x0000000000000053       0x54 Drivers/STM32F1xx_HAL_Driver/Src/stm32f1xx_hal_rcc.o
 .comment       0x0000000000000053       0x54 Drivers/STM32F1xx_HAL_Driver/Src/stm32f1xx_hal_spi.o
 .comment       0x0000000000000053       0x54 Drivers/STM32F1xx_HAL_Driver/Src/stm32f1xx_hal_uart.o

.debug_frame    0x0000000000000000     0x25cc
 .debug_frame   0x0000000000000000      0x12c Core/Src/main.o
 .debug_frame   0x000000000000012c       0xc8 Core/Src/stm32f1xx_hal_msp.o
 .debug_frame   0x00000000000001f4      0x178 Core/Src/stm32f1xx_it.o
 .debug_frame   0x000000000000036c       0x58 Core/Src/system_stm32f1xx.o
 .debug_frame   0x00000000000003c4      0x3b8 Core/Src/w25qxx.o
 .debug_frame   0x000000000000077c      0x334 Drivers/STM32F1xx_HAL_Driver/Src/stm32f1xx_hal.o
 .debug_frame   0x0000000000000ab0      0x428 Drivers/STM32F1xx_HAL_Driver/Src/stm32f1xx_hal_cortex.o
 .debug_frame   0x0000000000000ed8      0x208 Drivers/STM32F1xx_HAL_Driver/Src/stm32f1xx_hal_dma.o
 .debug_frame   0x00000000000010e0      0x14c Drivers/STM32F1xx_HAL_Driver/Src/stm32f1xx_hal_gpio.o
 .debug_frame   0x000000000000122c      0x21c Drivers/STM32F1xx_HAL_Driver/Src/stm32f1xx_hal_rcc.o
 .debug_frame   0x0000000000001448      0x824 Drivers/STM32F1xx_HAL_Driver/Src/stm32f1xx_hal_spi.o
 .debug_frame   0x0000000000001c6c      0x914 Drivers/STM32F1xx_HAL_Driver/Src/stm32f1xx_hal_uart.o
 .debug_frame   0x0000000000002580       0x2c c:/st/stm32cubeide_1.6.1/stm32cubeide/plugins/com.st.stm32cube.ide.mcu.externaltools.gnu-tools-for-stm32.9-2020-q2-update.win32_1.5.0.202011040924/tools/bin/../lib/gcc/arm-none-eabi/9.3.1/../../../../arm-none-eabi/lib/thumb/v7-m/nofp\libc_nano.a(lib_a-init.o)
 .debug_frame   0x00000000000025ac       0x20 c:/st/stm32cubeide_1.6.1/stm32cubeide/plugins/com.st.stm32cube.ide.mcu.externaltools.gnu-tools-for-stm32.9-2020-q2-update.win32_1.5.0.202011040924/tools/bin/../lib/gcc/arm-none-eabi/9.3.1/../../../../arm-none-eabi/lib/thumb/v7-m/nofp\libc_nano.a(lib_a-memset.o)
